exports[`test renders without crashing 1`] = `
<div
  style={
    Object {
      "WebkitTapHighlightColor": "rgba(0,0,0,0)",
      "backgroundColor": "#ffffff",
      "borderRadius": "2px",
      "boxShadow": "0 1px 6px rgba(0, 0, 0, 0.12),
             0 1px 4px rgba(0, 0, 0, 0.12)",
      "boxSizing": "border-box",
      "color": "rgba(0, 0, 0, 0.87)",
      "fontFamily": "Roboto, sans-serif",
      "muiPrepared": true,
      "transition": "all 450ms cubic-bezier(0.23, 1, 0.32, 1) 0ms",
      "zIndex": 1,
    }
  }>
  <div
    style={
      Object {
        "paddingBottom": 0,
      }
    }>
    <div
      style={
        Object {
          "boxSizing": "border-box",
          "fontWeight": 500,
          "muiPrepared": true,
          "padding": 16,
          "position": "relative",
          "whiteSpace": "nowrap",
        }
      }>
      <img
        className={undefined}
        size={40}
        src="https://avatars2.githubusercontent.com/u/5712135?v=3&s=460"
        style={
          Object {
            "alignItems": "center",
            "backgroundColor": "rgb(188, 188, 188)",
            "borderRadius": "50%",
            "color": "#ffffff",
            "display": "inline-flex",
            "fontSize": 20,
            "height": 40,
            "justifyContent": "center",
            "marginRight": 16,
            "muiPrepared": true,
            "userSelect": "none",
            "width": 40,
          }
        } />
      <div
        style={
          Object {
            "display": "inline-block",
            "muiPrepared": true,
            "paddingRight": "90px",
            "verticalAlign": "top",
            "whiteSpace": "normal",
          }
        }>
        <span
          style={
            Object {
              "color": "rgba(0, 0, 0, 0.87)",
              "display": "block",
              "fontSize": 15,
              "muiPrepared": true,
            }
          }>
          Briant Campbell
        </span>
        <span
          style={
            Object {
              "color": "rgba(0, 0, 0, 0.54)",
              "display": "block",
              "fontSize": 14,
              "muiPrepared": true,
            }
          }>
          Photography
        </span>
      </div>
    </div>
    <div
      style={
        Object {
          "muiPrepared": true,
          "position": "relative",
        }
      }>
      <div
        style={
          Object {
            "muiPrepared": true,
          }
        }>
        <img
          role="presentation"
          src="http://i0.wp.com/inherit.eu/wp-content/uploads/2016/10/nature-forest-moss-leaves-e1476955210166.jpg?resize=600%2C337"
          style={
            Object {
              "backgroundColor": "#999",
              "height": 337,
              "maxWidth": "100%",
              "minWidth": "100%",
              "muiPrepared": true,
              "verticalAlign": "top",
              "width": 600,
            }
          } />
      </div>
      
    </div>
    <div
      style={
        Object {
          "muiPrepared": true,
          "padding": 16,
          "position": "relative",
        }
      }>
      <span
        style={
          Object {
            "color": "rgba(0, 0, 0, 0.87)",
            "display": "block",
            "fontSize": 24,
            "lineHeight": "36px",
            "muiPrepared": true,
          }
        }>
        Harvey, the Harvestor
      </span>
      <span
        style={
          Object {
            "color": "rgba(0, 0, 0, 0.54)",
            "display": "block",
            "fontSize": 14,
            "muiPrepared": true,
          }
        }>
        2017
      </span>
    </div>
    <div
      style={
        Object {
          "color": "rgba(0, 0, 0, 0.87)",
          "fontSize": 14,
          "muiPrepared": true,
          "padding": 16,
        }
      }>
      This is good art.
    </div>
    <div
      style={
        Object {
          "muiPrepared": true,
          "padding": 8,
          "position": "relative",
        }
      }>
      <button
        disabled={false}
        href={undefined}
        onBlur={[Function]}
        onClick={[Function]}
        onFocus={[Function]}
        onKeyDown={[Function]}
        onKeyUp={[Function]}
        onMouseEnter={[Function]}
        onMouseLeave={[Function]}
        onTouchStart={[Function]}
        onTouchTap={[Function]}
        style={
          Object {
            "WebkitTapHighlightColor": "rgba(0, 0, 0, 0)",
            "backgroundColor": "rgba(0, 0, 0, 0)",
            "border": 10,
            "borderRadius": 2,
            "boxSizing": "border-box",
            "color": "rgba(0, 0, 0, 0.87)",
            "cursor": "pointer",
            "display": "inline-block",
            "fontFamily": "Roboto, sans-serif",
            "fontSize": "inherit",
            "fontWeight": "inherit",
            "height": 36,
            "lineHeight": "36px",
            "margin": 0,
            "marginRight": 8,
            "minWidth": 88,
            "muiPrepared": true,
            "outline": "none",
            "overflow": "hidden",
            "padding": 0,
            "position": "relative",
            "textAlign": "center",
            "textDecoration": "none",
            "transition": "all 450ms cubic-bezier(0.23, 1, 0.32, 1) 0ms",
            "userSelect": "none",
            "verticalAlign": null,
          }
        }
        tabIndex={0}
        type="button">
        <div
          onMouseDown={[Function]}
          onMouseLeave={[Function]}
          onMouseUp={[Function]}
          onTouchEnd={[Function]}
          onTouchStart={[Function]}>
          <span
            style={
              Object {
                "fontSize": 14,
                "fontWeight": 500,
                "letterSpacing": 0,
                "muiPrepared": true,
                "paddingLeft": 16,
                "paddingRight": 16,
                "position": "relative",
                "textTransform": "uppercase",
                "verticalAlign": "middle",
              }
            }>
            Like
          </span>
        </div>
      </button>
      <button
        disabled={false}
        href={undefined}
        onBlur={[Function]}
        onClick={[Function]}
        onFocus={[Function]}
        onKeyDown={[Function]}
        onKeyUp={[Function]}
        onMouseEnter={[Function]}
        onMouseLeave={[Function]}
        onTouchStart={[Function]}
        onTouchTap={[Function]}
        style={
          Object {
            "WebkitTapHighlightColor": "rgba(0, 0, 0, 0)",
            "backgroundColor": "rgba(0, 0, 0, 0)",
            "border": 10,
            "borderRadius": 2,
            "boxSizing": "border-box",
            "color": "rgba(0, 0, 0, 0.87)",
            "cursor": "pointer",
            "display": "inline-block",
            "fontFamily": "Roboto, sans-serif",
            "fontSize": "inherit",
            "fontWeight": "inherit",
            "height": 36,
            "lineHeight": "36px",
            "margin": 0,
            "marginRight": 8,
            "minWidth": 88,
            "muiPrepared": true,
            "outline": "none",
            "overflow": "hidden",
            "padding": 0,
            "position": "relative",
            "textAlign": "center",
            "textDecoration": "none",
            "transition": "all 450ms cubic-bezier(0.23, 1, 0.32, 1) 0ms",
            "userSelect": "none",
            "verticalAlign": null,
          }
        }
        tabIndex={0}
        type="button">
        <div
          onMouseDown={[Function]}
          onMouseLeave={[Function]}
          onMouseUp={[Function]}
          onTouchEnd={[Function]}
          onTouchStart={[Function]}>
          <span
            style={
              Object {
                "fontSize": 14,
                "fontWeight": 500,
                "letterSpacing": 0,
                "muiPrepared": true,
                "paddingLeft": 16,
                "paddingRight": 16,
                "position": "relative",
                "textTransform": "uppercase",
                "verticalAlign": "middle",
              }
            }>
            Random Image
          </span>
        </div>
      </button>
    </div>
  </div>
</div>
`;
