exports[`test renders without crashing 1`] = `
<div
  className={undefined}
  style={
    Object {
      "WebkitTapHighlightColor": "rgba(0,0,0,0)",
      "backgroundColor": "#00bcd4",
      "borderRadius": "0px",
      "boxShadow": "0 1px 6px rgba(0, 0, 0, 0.12),
             0 1px 4px rgba(0, 0, 0, 0.12)",
      "boxSizing": "border-box",
      "color": "rgba(0, 0, 0, 0.87)",
      "display": "flex",
      "fontFamily": "Roboto, sans-serif",
      "muiPrepared": true,
      "paddingLeft": 24,
      "paddingRight": 24,
      "position": "relative",
      "transition": "all 450ms cubic-bezier(0.23, 1, 0.32, 1) 0ms",
      "width": "100%",
      "zIndex": 1100,
    }
  }>
  <button
    disabled={false}
    href={undefined}
    onBlur={[Function]}
    onClick={[Function]}
    onFocus={[Function]}
    onKeyDown={[Function]}
    onKeyUp={[Function]}
    onMouseEnter={[Function]}
    onMouseLeave={[Function]}
    onMouseOut={[Function]}
    onTouchStart={[Function]}
    onTouchTap={[Function]}
    style={
      Object {
        "WebkitTapHighlightColor": "rgba(0, 0, 0, 0)",
        "background": "none",
        "border": 10,
        "boxSizing": "border-box",
        "cursor": "pointer",
        "display": "inline-block",
        "fontFamily": "Roboto, sans-serif",
        "fontSize": 0,
        "fontWeight": "inherit",
        "height": 48,
        "margin": 0,
        "marginLeft": -16,
        "marginRight": 8,
        "marginTop": 8,
        "muiPrepared": true,
        "outline": "none",
        "overflow": "visible",
        "padding": 12,
        "position": "relative",
        "textDecoration": "none",
        "transition": "all 450ms cubic-bezier(0.23, 1, 0.32, 1) 0ms",
        "verticalAlign": null,
        "width": 48,
      }
    }
    tabIndex={0}
    type="button">
    <div
      onMouseDown={[Function]}
      onMouseLeave={[Function]}
      onMouseUp={[Function]}
      onTouchEnd={[Function]}
      onTouchStart={[Function]}>
      <svg
        onMouseEnter={[Function]}
        onMouseLeave={[Function]}
        style={
          Object {
            "color": "#ffffff",
            "display": "inline-block",
            "fill": "#ffffff",
            "height": 24,
            "muiPrepared": true,
            "transition": "all 450ms cubic-bezier(0.23, 1, 0.32, 1) 0ms",
            "userSelect": "none",
            "width": 24,
          }
        }
        viewBox="0 0 24 24">
        <path
          d="M3 18h18v-2H3v2zm0-5h18v-2H3v2zm0-7v2h18V6H3z" />
      </svg>
    </div>
  </button>
  <h1
    onTouchTap={[Function]}
    style={
      Object {
        "boxFlex": 1,
        "color": "#ffffff",
        "flex": "1",
        "fontSize": 24,
        "fontWeight": 400,
        "height": 64,
        "letterSpacing": 0,
        "lineHeight": "64px",
        "margin": 0,
        "muiPrepared": true,
        "overflow": "hidden",
        "paddingTop": 0,
        "textOverflow": "ellipsis",
        "whiteSpace": "nowrap",
      }
    }>
    Art Safari
  </h1>
  <div
    style={
      Object {
        "marginLeft": "auto",
        "marginRight": -16,
        "marginTop": 8,
        "muiPrepared": true,
      }
    }>
    <button
      disabled={false}
      href={undefined}
      onBlur={[Function]}
      onClick={[Function]}
      onFocus={[Function]}
      onKeyDown={[Function]}
      onKeyUp={[Function]}
      onMouseEnter={[Function]}
      onMouseLeave={[Function]}
      onTouchStart={[Function]}
      onTouchTap={[Function]}
      style={
        Object {
          "WebkitTapHighlightColor": "rgba(0, 0, 0, 0)",
          "backgroundColor": "rgba(0, 0, 0, 0)",
          "border": 10,
          "borderRadius": 2,
          "boxSizing": "border-box",
          "color": "#ffffff",
          "cursor": "pointer",
          "display": "inline-block",
          "fontFamily": "Roboto, sans-serif",
          "fontSize": "inherit",
          "fontWeight": "inherit",
          "height": 36,
          "lineHeight": "36px",
          "margin": 0,
          "marginTop": 7,
          "minWidth": 88,
          "muiPrepared": true,
          "outline": "none",
          "overflow": "hidden",
          "padding": 0,
          "position": "relative",
          "textAlign": "center",
          "textDecoration": "none",
          "transition": "all 450ms cubic-bezier(0.23, 1, 0.32, 1) 0ms",
          "userSelect": "none",
          "verticalAlign": null,
        }
      }
      tabIndex={0}
      type="button">
      <div
        onMouseDown={[Function]}
        onMouseLeave={[Function]}
        onMouseUp={[Function]}
        onTouchEnd={[Function]}
        onTouchStart={[Function]}>
        <span
          style={
            Object {
              "fontSize": 14,
              "fontWeight": 500,
              "letterSpacing": 0,
              "muiPrepared": true,
              "paddingLeft": 16,
              "paddingRight": 16,
              "position": "relative",
              "textTransform": "uppercase",
              "verticalAlign": "middle",
            }
          }>
          LOGIN
        </span>
      </div>
    </button>
  </div>
</div>
`;
